This is pdfTeX, Version 3.141592653-2.6-1.40.29 (TeX Live 2026) (preloaded format=pdflatex 2026.5.26)  5 JUN 2026 17:50
entering extended mode
 restricted \write18 enabled.
 file:line:error style messages enabled.
 %&-line parsing enabled.
**/home/mmg/Documentos/GitHub/chat_free/Documentacion/Proyecto_final.tex
(/home/mmg/Documentos/GitHub/chat_free/Documentacion/Proyecto_final.tex
LaTeX2e <2025-11-01>
L3 programming layer <2026-03-20>
(/usr/share/texlive/texmf-dist/tex/latex/base/article.cls
Document Class: article 2025/01/22 v1.4n Standard LaTeX document class
(/usr/share/texlive/texmf-dist/tex/latex/base/size12.clo
File: size12.clo 2025/01/22 v1.4n Standard LaTeX file (size option)
)
\c@part=\count275
\c@section=\count276
\c@subsection=\count277
\c@subsubsection=\count278
\c@paragraph=\count279
\c@subparagraph=\count280
\c@figure=\count281
\c@table=\count282
\abovecaptionskip=\skip49
\belowcaptionskip=\skip50
\bibindent=\dimen150
) (/usr/share/texlive/texmf-dist/tex/latex/bookmark/bookmark.sty
Package: bookmark 2023-12-10 v1.31 PDF bookmarks (HO)
 (/usr/share/texlive/texmf-dist/tex/latex/hyperref/hyperref.sty
Package: hyperref 2026-04-24 v7.01q Hypertext links for LaTeX
 (/usr/share/texlive/texmf-dist/tex/generic/iftex/iftex.sty
Package: iftex 2024/12/12 v1.0g TeX engine tests
) (/usr/share/texlive/texmf-dist/tex/latex/graphics/keyval.sty
Package: keyval 2022/05/29 v1.15 key=value parser (DPC)
\KV@toks@=\toks17
) (/usr/share/texlive/texmf-dist/tex/latex/kvsetkeys/kvsetkeys.sty
Package: kvsetkeys 2022-10-05 v1.19 Key value parser (HO)
) (/usr/share/texlive/texmf-dist/tex/generic/kvdefinekeys/kvdefinekeys.sty
Package: kvdefinekeys 2019-12-19 v1.6 Define keys (HO)
) (/usr/share/texlive/texmf-dist/tex/generic/pdfescape/pdfescape.sty
Package: pdfescape 2019/12/09 v1.15 Implements pdfTeX's escape features (HO)
 (/usr/share/texlive/texmf-dist/tex/generic/ltxcmds/ltxcmds.sty
Package: ltxcmds 2023-12-04 v1.26 LaTeX kernel commands for general use (HO)
) (/usr/share/texlive/texmf-dist/tex/generic/pdftexcmds/pdftexcmds.sty
Package: pdftexcmds 2020-06-27 v0.33 Utility functions of pdfTeX for LuaTeX (HO)
 (/usr/share/texlive/texmf-dist/tex/generic/infwarerr/infwarerr.sty
Package: infwarerr 2019/12/03 v1.5 Providing info/warning/error messages (HO)
)
Package pdftexcmds Info: \pdf@primitive is available.
Package pdftexcmds Info: \pdf@ifprimitive is available.
Package pdftexcmds Info: \pdfdraftmode found.
)) (/usr/share/texlive/texmf-dist/tex/latex/hycolor/hycolor.sty
Package: hycolor 2020-01-27 v1.10 Color options for hyperref/bookmark (HO)
) (/usr/share/texlive/texmf-dist/tex/latex/hyperref/nameref.sty
Package: nameref 2026-01-29 v2.58 Cross-referencing by name of section
 (/usr/share/texlive/texmf-dist/tex/latex/refcount/refcount.sty
Package: refcount 2019/12/15 v3.6 Data extraction from label references (HO)
) (/usr/share/texlive/texmf-dist/tex/generic/gettitlestring/gettitlestring.sty
Package: gettitlestring 2019/12/15 v1.6 Cleanup title references (HO)
 (/usr/share/texlive/texmf-dist/tex/latex/kvoptions/kvoptions.sty
Package: kvoptions 2022-06-15 v3.15 Key value format for package options (HO)
))
\c@section@level=\count283
) (/usr/share/texlive/texmf-dist/tex/latex/etoolbox/etoolbox.sty
Package: etoolbox 2025/10/02 v2.5m e-TeX tools for LaTeX (JAW)
\etb@tempcnta=\count284
) (/usr/share/texlive/texmf-dist/tex/generic/stringenc/stringenc.sty
Package: stringenc 2019/11/29 v1.12 Convert strings between diff. encodings (HO)
)
\@linkdim=\dimen151
\Hy@linkcounter=\count285
\Hy@pagecounter=\count286
 (/usr/share/texlive/texmf-dist/tex/latex/hyperref/pd1enc.def
File: pd1enc.def 2026-04-24 v7.01q Hyperref: PDFDocEncoding definition (HO)
Now handling font encoding PD1 ...
... no UTF-8 mapping file for font encoding PD1
) (/usr/share/texlive/texmf-dist/tex/generic/intcalc/intcalc.sty
Package: intcalc 2019/12/15 v1.3 Expandable calculations with integers (HO)
)
\Hy@SavedSpaceFactor=\count287
 (/usr/share/texlive/texmf-dist/tex/latex/hyperref/puenc.def
File: puenc.def 2026-04-24 v7.01q Hyperref: PDF Unicode definition (HO)
Now handling font encoding PU ...
... no UTF-8 mapping file for font encoding PU
)
Package hyperref Info: Hyper figures OFF on input line 4199.
Package hyperref Info: Link nesting OFF on input line 4204.
Package hyperref Info: Hyper index ON on input line 4207.
Package hyperref Info: Plain pages OFF on input line 4214.
Package hyperref Info: Backreferencing OFF on input line 4219.
Package hyperref Info: Implicit mode ON; LaTeX internals redefined.
Package hyperref Info: Bookmarks ON on input line 4466.
\c@Hy@tempcnt=\count288
 (/usr/share/texlive/texmf-dist/tex/latex/url/url.sty
\Urlmuskip=\muskip17
Package: url 2013/09/16  ver 3.4  Verb mode for urls, etc.
)
LaTeX Info: Redefining \url on input line 4805.
\XeTeXLinkMargin=\dimen152
 (/usr/share/texlive/texmf-dist/tex/generic/bitset/bitset.sty
Package: bitset 2019/12/09 v1.3 Handle bit-vector datatype (HO)
 (/usr/share/texlive/texmf-dist/tex/generic/bigintcalc/bigintcalc.sty
Package: bigintcalc 2019/12/15 v1.5 Expandable calculations on big integers (HO)
))
\Fld@menulength=\count289
\Field@Width=\dimen153
\Fld@charsize=\dimen154
Package hyperref Info: Hyper figures OFF on input line 6091.
Package hyperref Info: Link nesting OFF on input line 6096.
Package hyperref Info: Hyper index ON on input line 6099.
Package hyperref Info: backreferencing OFF on input line 6106.
Package hyperref Info: Link coloring OFF on input line 6111.
Package hyperref Info: Link coloring with OCG OFF on input line 6116.
Package hyperref Info: PDF/A mode OFF on input line 6121.
\Hy@abspage=\count290
\c@Item=\count291
\c@Hfootnote=\count292
)
Package hyperref Info: Driver (autodetected): hpdftex.
 (/usr/share/texlive/texmf-dist/tex/latex/hyperref/hpdftex.def
File: hpdftex.def 2026-04-24 v7.01q Hyperref driver for pdfTeX
\Fld@listcount=\count293
\c@bookmark@seq@number=\count294
 (/usr/share/texlive/texmf-dist/tex/latex/rerunfilecheck/rerunfilecheck.sty
Package: rerunfilecheck 2025-06-21 v1.11 Rerun checks for auxiliary files (HO)
 (/usr/share/texlive/texmf-dist/tex/generic/uniquecounter/uniquecounter.sty
Package: uniquecounter 2019/12/15 v1.4 Provide unlimited unique counter (HO)
)
Package uniquecounter Info: New unique counter `rerunfilecheck' on input line 284.
)
\Hy@SectionHShift=\skip51
) (/usr/share/texlive/texmf-dist/tex/latex/bookmark/bkm-pdftex.def
File: bkm-pdftex.def 2023-12-10 v1.31 bookmark driver for pdfTeX and luaTeX (HO)
\BKM@id=\count295
)) (/usr/share/texlive/texmf-dist/tex/latex/base/inputenc.sty
Package: inputenc 2024/02/08 v1.3d Input encoding file
\inpenc@prehook=\toks18
\inpenc@posthook=\toks19
) (/usr/share/texlive/texmf-dist/tex/latex/lm/lmodern.sty
Package: lmodern 2015/05/01 v1.6.1 Latin Modern Fonts
LaTeX Font Info:    Overwriting symbol font `operators' in version `normal'
(Font)                  OT1/cmr/m/n --> OT1/lmr/m/n on input line 22.
LaTeX Font Info:    Overwriting symbol font `letters' in version `normal'
(Font)                  OML/cmm/m/it --> OML/lmm/m/it on input line 23.
LaTeX Font Info:    Overwriting symbol font `symbols' in version `normal'
(Font)                  OMS/cmsy/m/n --> OMS/lmsy/m/n on input line 24.
LaTeX Font Info:    Overwriting symbol font `largesymbols' in version `normal'
(Font)                  OMX/cmex/m/n --> OMX/lmex/m/n on input line 25.
LaTeX Font Info:    Overwriting symbol font `operators' in version `bold'
(Font)                  OT1/cmr/bx/n --> OT1/lmr/bx/n on input line 26.
LaTeX Font Info:    Overwriting symbol font `letters' in version `bold'
(Font)                  OML/cmm/b/it --> OML/lmm/b/it on input line 27.
LaTeX Font Info:    Overwriting symbol font `symbols' in version `bold'
(Font)                  OMS/cmsy/b/n --> OMS/lmsy/b/n on input line 28.
LaTeX Font Info:    Overwriting symbol font `largesymbols' in version `bold'
(Font)                  OMX/cmex/m/n --> OMX/lmex/m/n on input line 29.
LaTeX Font Info:    Overwriting math alphabet `\mathbf' in version `normal'
(Font)                  OT1/cmr/bx/n --> OT1/lmr/bx/n on input line 31.
LaTeX Font Info:    Overwriting math alphabet `\mathsf' in version `normal'
(Font)                  OT1/cmss/m/n --> OT1/lmss/m/n on input line 32.
LaTeX Font Info:    Overwriting math alphabet `\mathit' in version `normal'
(Font)                  OT1/cmr/m/it --> OT1/lmr/m/it on input line 33.
LaTeX Font Info:    Overwriting math alphabet `\mathtt' in version `normal'
(Font)                  OT1/cmtt/m/n --> OT1/lmtt/m/n on input line 34.
LaTeX Font Info:    Overwriting math alphabet `\mathbf' in version `bold'
(Font)                  OT1/cmr/bx/n --> OT1/lmr/bx/n on input line 35.
LaTeX Font Info:    Overwriting math alphabet `\mathsf' in version `bold'
(Font)                  OT1/cmss/bx/n --> OT1/lmss/bx/n on input line 36.
LaTeX Font Info:    Overwriting math alphabet `\mathit' in version `bold'
(Font)                  OT1/cmr/bx/it --> OT1/lmr/bx/it on input line 37.
LaTeX Font Info:    Overwriting math alphabet `\mathtt' in version `bold'
(Font)                  OT1/cmtt/m/n --> OT1/lmtt/m/n on input line 38.
) (/usr/share/texlive/texmf-dist/tex/generic/babel/babel.sty
Package: babel 2026/04/15 v26.6 The multilingual framework for LuaLaTeX, pdfLaTeX and XeLaTeX
\babel@savecnt=\count296
LaTeX Encoding Info:    Redeclaring text command \ij (encoding OT1) on input line 2078.
LaTeX Encoding Info:    Redeclaring text command \IJ (encoding OT1) on input line 2080.
LaTeX Encoding Info:    Redeclaring text command \ij (encoding T1) on input line 2082.
LaTeX Encoding Info:    Redeclaring text command \IJ (encoding T1) on input line 2083.
LaTeX Encoding Info:    Ignoring declaration for text command \ij (encoding ?) on input line 2084.
LaTeX Encoding Info:    Ignoring declaration for text command \IJ (encoding ?) on input line 2086.
LaTeX Encoding Info:    Ignoring declaration for text command \SS (encoding ?) on input line 2111.
\U@D=\dimen155
\l@unhyphenated=\language89
 (/usr/share/texlive/texmf-dist/tex/generic/babel/txtbabel.def)
\bbl@readstream=\read2
\bbl@dirlevel=\count297
 (/usr/share/texlive/texmf-dist/tex/generic/babel/locale/es/babel-spanish.tex)
Package babel Info: Importing data for spanish
(babel)             from babel-es.ini. Reported on input line 4330.
) (/usr/share/texlive/texmf-dist/tex/latex/geometry/geometry.sty
Package: geometry 2026/03/07 v6.0 Page Geometry
 (/usr/share/texlive/texmf-dist/tex/generic/iftex/ifvtex.sty
Package: ifvtex 2019/10/25 v1.7 ifvtex legacy package. Use iftex instead.
)
\Gm@cnth=\count298
\Gm@cntv=\count299
\c@Gm@tempcnt=\count300
\Gm@bindingoffset=\dimen156
\Gm@wd@mp=\dimen157
\Gm@odd@mp=\dimen158
\Gm@even@mp=\dimen159
\Gm@layoutwidth=\dimen160
\Gm@layoutheight=\dimen161
\Gm@layouthoffset=\dimen162
\Gm@layoutvoffset=\dimen163
\Gm@dimlist=\toks20
) (/usr/share/texlive/texmf-dist/tex/latex/graphics/graphicx.sty
Package: graphicx 2024/12/31 v1.2e Enhanced LaTeX Graphics (DPC,SPQR)
 (/usr/share/texlive/texmf-dist/tex/latex/graphics/graphics.sty
Package: graphics 2024/08/06 v1.4g Standard LaTeX Graphics (DPC,SPQR)
 (/usr/share/texlive/texmf-dist/tex/latex/graphics/trig.sty
Package: trig 2023/12/02 v1.11 sin cos tan (DPC)
) (/usr/share/texlive/texmf-dist/tex/latex/graphics-cfg/graphics.cfg
File: graphics.cfg 2016/06/04 v1.11 sample graphics configuration
)
Package graphics Info: Driver file: pdftex.def on input line 106.
 (/usr/share/texlive/texmf-dist/tex/latex/graphics-def/pdftex.def
File: pdftex.def 2025/09/29 v1.2d Graphics/color driver for pdftex
))
\Gin@req@height=\dimen164
\Gin@req@width=\dimen165
) (/usr/share/texlive/texmf-dist/tex/latex/float/float.sty
Package: float 2001/11/08 v1.3d Float enhancements (AL)
\c@float@type=\count301
\float@exts=\toks21
\float@box=\box53
\@float@everytoks=\toks22
\@floatcapt=\box54
) (/usr/share/texlive/texmf-dist/tex/latex/xcolor/xcolor.sty
Package: xcolor 2024/09/29 v3.02 LaTeX color extensions (UK)
 (/usr/share/texlive/texmf-dist/tex/latex/graphics-cfg/color.cfg
File: color.cfg 2016/01/02 v1.6 sample color configuration
)
Package xcolor Info: Driver file: pdftex.def on input line 274.
 (/usr/share/texlive/texmf-dist/tex/latex/graphics/mathcolor.ltx)
Package xcolor Info: Model `cmy' substituted by `cmy0' on input line 1349.
Package xcolor Info: Model `hsb' substituted by `rgb' on input line 1353.
Package xcolor Info: Model `RGB' extended on input line 1365.
Package xcolor Info: Model `HTML' substituted by `rgb' on input line 1367.
Package xcolor Info: Model `Hsb' substituted by `hsb' on input line 1368.
Package xcolor Info: Model `tHsb' substituted by `hsb' on input line 1369.
Package xcolor Info: Model `HSB' substituted by `hsb' on input line 1370.
Package xcolor Info: Model `Gray' substituted by `gray' on input line 1371.
Package xcolor Info: Model `wave' substituted by `hsb' on input line 1372.
) (/usr/share/texlive/texmf-dist/tex/latex/tcolorbox/tcolorbox.sty
Package: tcolorbox 2025/11/28 version 6.9.0 text color boxes
 (/usr/share/texlive/texmf-dist/tex/latex/pgf/frontendlayer/tikz.sty (/usr/share/texlive/texmf-dist/tex/latex/pgf/basiclayer/pgf.sty (/usr/share/texlive/texmf-dist/tex/latex/pgf/utilities/pgfrcs.sty (/usr/share/texlive/texmf-dist/tex/generic/pgf/utilities/pgfutil-common.tex
\pgfutil@everybye=\toks23
\pgfutil@tempdima=\dimen166
\pgfutil@tempdimb=\dimen167
) (/usr/share/texlive/texmf-dist/tex/generic/pgf/utilities/pgfutil-latex.def
\pgfutil@abb=\box55
) (/usr/share/texlive/texmf-dist/tex/generic/pgf/utilities/pgfrcs.code.tex (/usr/share/texlive/texmf-dist/tex/generic/pgf/pgf.revision.tex)
Package: pgfrcs 2025-08-29 v3.1.11a (3.1.11a)
))
Package: pgf 2025-08-29 v3.1.11a (3.1.11a)
 (/usr/share/texlive/texmf-dist/tex/latex/pgf/basiclayer/pgfcore.sty (/usr/share/texlive/texmf-dist/tex/latex/pgf/systemlayer/pgfsys.sty (/usr/share/texlive/texmf-dist/tex/generic/pgf/systemlayer/pgfsys.code.tex
Package: pgfsys 2025-08-29 v3.1.11a (3.1.11a)
 (/usr/share/texlive/texmf-dist/tex/generic/pgf/utilities/pgfkeys.code.tex
\pgfkeys@pathtoks=\toks24
\pgfkeys@temptoks=\toks25
 (/usr/share/texlive/texmf-dist/tex/generic/pgf/utilities/pgfkeyslibraryfiltered.code.tex
\pgfkeys@tmptoks=\toks26
))
\pgf@x=\dimen168
\pgf@y=\dimen169
\pgf@xa=\dimen170
\pgf@ya=\dimen171
\pgf@xb=\dimen172
\pgf@yb=\dimen173
\pgf@xc=\dimen174
\pgf@yc=\dimen175
\pgf@xd=\dimen176
\pgf@yd=\dimen177
\w@pgf@writea=\write3
\r@pgf@reada=\read3
\c@pgf@counta=\count302
\c@pgf@countb=\count303
\c@pgf@countc=\count304
\c@pgf@countd=\count305
\t@pgf@toka=\toks27
\t@pgf@tokb=\toks28
\t@pgf@tokc=\toks29
\pgf@sys@id@count=\count306
 (/usr/share/texlive/texmf-dist/tex/generic/pgf/systemlayer/pgf.cfg
File: pgf.cfg 2025-08-29 v3.1.11a (3.1.11a)
)
Driver file for pgf: pgfsys-pdftex.def
 (/usr/share/texlive/texmf-dist/tex/generic/pgf/systemlayer/pgfsys-pdftex.def
File: pgfsys-pdftex.def 2025-08-29 v3.1.11a (3.1.11a)
 (/usr/share/texlive/texmf-dist/tex/generic/pgf/systemlayer/pgfsys-common-pdf.def
File: pgfsys-common-pdf.def 2025-08-29 v3.1.11a (3.1.11a)
))) (/usr/share/texlive/texmf-dist/tex/generic/pgf/systemlayer/pgfsyssoftpath.code.tex
File: pgfsyssoftpath.code.tex 2025-08-29 v3.1.11a (3.1.11a)
\pgfsyssoftpath@smallbuffer@items=\count307
\pgfsyssoftpath@bigbuffer@items=\count308
) (/usr/share/texlive/texmf-dist/tex/generic/pgf/systemlayer/pgfsysprotocol.code.tex
File: pgfsysprotocol.code.tex 2025-08-29 v3.1.11a (3.1.11a)
)) (/usr/share/texlive/texmf-dist/tex/generic/pgf/basiclayer/pgfcore.code.tex
Package: pgfcore 2025-08-29 v3.1.11a (3.1.11a)
 (/usr/share/texlive/texmf-dist/tex/generic/pgf/math/pgfmath.code.tex (/usr/share/texlive/texmf-dist/tex/generic/pgf/math/pgfmathutil.code.tex) (/usr/share/texlive/texmf-dist/tex/generic/pgf/math/pgfmathparser.code.tex
\pgfmath@dimen=\dimen178
\pgfmath@count=\count309
\pgfmath@box=\box56
\pgfmath@toks=\toks30
\pgfmath@stack@operand=\toks31
\pgfmath@stack@operation=\toks32
) (/usr/share/texlive/texmf-dist/tex/generic/pgf/math/pgfmathfunctions.code.tex) (/usr/share/texlive/texmf-dist/tex/generic/pgf/math/pgfmathfunctions.basic.code.tex) (/usr/share/texlive/texmf-dist/tex/generic/pgf/math/pgfmathfunctions.trigonometric.code.tex) (/usr/share/texlive/texmf-dist/tex/generic/pgf/math/pgfmathfunctions.random.code.tex) (/usr/share/texlive/texmf-dist/tex/generic/pgf/math/pgfmathfunctions.comparison.code.tex) (/usr/share/texlive/texmf-dist/tex/generic/pgf/math/pgfmathfunctions.base.code.tex) (/usr/share/texlive/texmf-dist/tex/generic/pgf/math/pgfmathfunctions.round.code.tex) (/usr/share/texlive/texmf-dist/tex/generic/pgf/math/pgfmathfunctions.misc.code.tex) (/usr/share/texlive/texmf-dist/tex/generic/pgf/math/pgfmathfunctions.integerarithmetics.code.tex) (/usr/share/texlive/texmf-dist/tex/generic/pgf/math/pgfmathcalc.code.tex) (/usr/share/texlive/texmf-dist/tex/generic/pgf/math/pgfmathfloat.code.tex
\c@pgfmathroundto@lastzeros=\count310
)) (/usr/share/texlive/texmf-dist/tex/generic/pgf/math/pgfint.code.tex) (/usr/share/texlive/texmf-dist/tex/generic/pgf/basiclayer/pgfcorepoints.code.tex
File: pgfcorepoints.code.tex 2025-08-29 v3.1.11a (3.1.11a)
\pgf@picminx=\dimen179
\pgf@picmaxx=\dimen180
\pgf@picminy=\dimen181
\pgf@picmaxy=\dimen182
\pgf@pathminx=\dimen183
\pgf@pathmaxx=\dimen184
\pgf@pathminy=\dimen185
\pgf@pathmaxy=\dimen186
\pgf@xx=\dimen187
\pgf@xy=\dimen188
\pgf@yx=\dimen189
\pgf@yy=\dimen190
\pgf@zx=\dimen191
\pgf@zy=\dimen192
) (/usr/share/texlive/texmf-dist/tex/generic/pgf/basiclayer/pgfcorepathconstruct.code.tex
File: pgfcorepathconstruct.code.tex 2025-08-29 v3.1.11a (3.1.11a)
\pgf@path@lastx=\dimen193
\pgf@path@lasty=\dimen194
) (/usr/share/texlive/texmf-dist/tex/generic/pgf/basiclayer/pgfcorepathusage.code.tex
File: pgfcorepathusage.code.tex 2025-08-29 v3.1.11a (3.1.11a)
\pgf@shorten@end@additional=\dimen195
\pgf@shorten@start@additional=\dimen196
) (/usr/share/texlive/texmf-dist/tex/generic/pgf/basiclayer/pgfcorescopes.code.tex
File: pgfcorescopes.code.tex 2025-08-29 v3.1.11a (3.1.11a)
\pgfpic=\box57
\pgf@hbox=\box58
\pgf@layerbox@main=\box59
\pgf@picture@serial@count=\count311
) (/usr/share/texlive/texmf-dist/tex/generic/pgf/basiclayer/pgfcoregraphicstate.code.tex
File: pgfcoregraphicstate.code.tex 2025-08-29 v3.1.11a (3.1.11a)
\pgflinewidth=\dimen197
) (/usr/share/texlive/texmf-dist/tex/generic/pgf/basiclayer/pgfcoretransformations.code.tex
File: pgfcoretransformations.code.tex 2025-08-29 v3.1.11a (3.1.11a)
\pgf@pt@x=\dimen198
\pgf@pt@y=\dimen199
\pgf@pt@temp=\dimen256
) (/usr/share/texlive/texmf-dist/tex/generic/pgf/basiclayer/pgfcorequick.code.tex
File: pgfcorequick.code.tex 2025-08-29 v3.1.11a (3.1.11a)
) (/usr/share/texlive/texmf-dist/tex/generic/pgf/basiclayer/pgfcoreobjects.code.tex
File: pgfcoreobjects.code.tex 2025-08-29 v3.1.11a (3.1.11a)
) (/usr/share/texlive/texmf-dist/tex/generic/pgf/basiclayer/pgfcorepathprocessing.code.tex
File: pgfcorepathprocessing.code.tex 2025-08-29 v3.1.11a (3.1.11a)
) (/usr/share/texlive/texmf-dist/tex/generic/pgf/basiclayer/pgfcorearrows.code.tex
File: pgfcorearrows.code.tex 2025-08-29 v3.1.11a (3.1.11a)
\pgfarrowsep=\dimen257
) (/usr/share/texlive/texmf-dist/tex/generic/pgf/basiclayer/pgfcoreshade.code.tex
File: pgfcoreshade.code.tex 2025-08-29 v3.1.11a (3.1.11a)
\pgf@max=\dimen258
\pgf@sys@shading@range@num=\count312
\pgf@shadingcount=\count313
) (/usr/share/texlive/texmf-dist/tex/generic/pgf/basiclayer/pgfcoreimage.code.tex
File: pgfcoreimage.code.tex 2025-08-29 v3.1.11a (3.1.11a)
) (/usr/share/texlive/texmf-dist/tex/generic/pgf/basiclayer/pgfcoreexternal.code.tex
File: pgfcoreexternal.code.tex 2025-08-29 v3.1.11a (3.1.11a)
\pgfexternal@startupbox=\box60
) (/usr/share/texlive/texmf-dist/tex/generic/pgf/basiclayer/pgfcorelayers.code.tex
File: pgfcorelayers.code.tex 2025-08-29 v3.1.11a (3.1.11a)
) (/usr/share/texlive/texmf-dist/tex/generic/pgf/basiclayer/pgfcoretransparency.code.tex
File: pgfcoretransparency.code.tex 2025-08-29 v3.1.11a (3.1.11a)
) (/usr/share/texlive/texmf-dist/tex/generic/pgf/basiclayer/pgfcorepatterns.code.tex
File: pgfcorepatterns.code.tex 2025-08-29 v3.1.11a (3.1.11a)
) (/usr/share/texlive/texmf-dist/tex/generic/pgf/basiclayer/pgfcorerdf.code.tex
File: pgfcorerdf.code.tex 2025-08-29 v3.1.11a (3.1.11a)
))) (/usr/share/texlive/texmf-dist/tex/generic/pgf/modules/pgfmoduleshapes.code.tex
File: pgfmoduleshapes.code.tex 2025-08-29 v3.1.11a (3.1.11a)
\pgfnodeparttextbox=\box61
) (/usr/share/texlive/texmf-dist/tex/generic/pgf/modules/pgfmoduleplot.code.tex
File: pgfmoduleplot.code.tex 2025-08-29 v3.1.11a (3.1.11a)
) (/usr/share/texlive/texmf-dist/tex/latex/pgf/compatibility/pgfcomp-version-0-65.sty
Package: pgfcomp-version-0-65 2025-08-29 v3.1.11a (3.1.11a)
\pgf@nodesepstart=\dimen259
\pgf@nodesepend=\dimen260
) (/usr/share/texlive/texmf-dist/tex/latex/pgf/compatibility/pgfcomp-version-1-18.sty
Package: pgfcomp-version-1-18 2025-08-29 v3.1.11a (3.1.11a)
)) (/usr/share/texlive/texmf-dist/tex/latex/pgf/utilities/pgffor.sty (/usr/share/texlive/texmf-dist/tex/latex/pgf/utilities/pgfkeys.sty (/usr/share/texlive/texmf-dist/tex/generic/pgf/utilities/pgfkeys.code.tex)) (/usr/share/texlive/texmf-dist/tex/latex/pgf/math/pgfmath.sty (/usr/share/texlive/texmf-dist/tex/generic/pgf/math/pgfmath.code.tex)) (/usr/share/texlive/texmf-dist/tex/generic/pgf/utilities/pgffor.code.tex
Package: pgffor 2025-08-29 v3.1.11a (3.1.11a)
\pgffor@iter=\dimen261
\pgffor@skip=\dimen262
\pgffor@stack=\toks33
\pgffor@toks=\toks34
)) (/usr/share/texlive/texmf-dist/tex/generic/pgf/frontendlayer/tikz/tikz.code.tex
Package: tikz 2025-08-29 v3.1.11a (3.1.11a)
 (/usr/share/texlive/texmf-dist/tex/generic/pgf/libraries/pgflibraryplothandlers.code.tex
File: pgflibraryplothandlers.code.tex 2025-08-29 v3.1.11a (3.1.11a)
\pgf@plot@mark@count=\count314
\pgfplotmarksize=\dimen263
)
\tikz@lastx=\dimen264
\tikz@lasty=\dimen265
\tikz@lastxsaved=\dimen266
\tikz@lastysaved=\dimen267
\tikz@lastmovetox=\dimen268
\tikz@lastmovetoy=\dimen269
\tikzleveldistance=\dimen270
\tikzsiblingdistance=\dimen271
\tikz@figbox=\box62
\tikz@figbox@bg=\box63
\tikz@tempbox=\box64
\tikz@tempbox@bg=\box65
\tikztreelevel=\count315
\tikznumberofchildren=\count316
\tikznumberofcurrentchild=\count317
\tikz@fig@count=\count318
 (/usr/share/texlive/texmf-dist/tex/generic/pgf/modules/pgfmodulematrix.code.tex
File: pgfmodulematrix.code.tex 2025-08-29 v3.1.11a (3.1.11a)
\pgfmatrixcurrentrow=\count319
\pgfmatrixcurrentcolumn=\count320
\pgf@matrix@numberofcolumns=\count321
)
\tikz@expandcount=\count322
 (/usr/share/texlive/texmf-dist/tex/generic/pgf/frontendlayer/tikz/libraries/tikzlibrarytopaths.code.tex
File: tikzlibrarytopaths.code.tex 2025-08-29 v3.1.11a (3.1.11a)
))) (/usr/share/texlive/texmf-dist/tex/latex/tools/verbatim.sty
Package: verbatim 2024-01-22 v1.5x LaTeX2e package for verbatim enhancements
\every@verbatim=\toks35
\verbatim@line=\toks36
\verbatim@in@stream=\read4
) (/usr/share/texlive/texmf-dist/tex/latex/environ/environ.sty
Package: environ 2014/05/04 v0.3 A new way to define environments
 (/usr/share/texlive/texmf-dist/tex/latex/trimspaces/trimspaces.sty
Package: trimspaces 2009/09/17 v1.1 Trim spaces around a token list
)
\@envbody=\toks37
)
\tcb@titlebox=\box66
\tcb@upperbox=\box67
\tcb@lowerbox=\box68
\tcb@phantombox=\box69
\c@tcbbreakpart=\count323
\c@tcblayer=\count324
\c@tcolorbox@number=\count325
\l__tcobox_tmpa_box=\box70
\l__tcobox_tmpa_dim=\dimen272
\tcb@temp=\box71
\tcb@temp=\box72
\tcb@temp=\box73
\tcb@temp=\box74
) (/usr/share/texlive/texmf-dist/tex/latex/tcolorbox/tcbbreakable.code.tex
Library (tcolorbox): 'tcbbreakable.code.tex' version '6.9.0'
(/usr/share/texlive/texmf-dist/tex/latex/pdfcol/pdfcol.sty
Package: pdfcol 2022-09-21 v1.7 Handle new color stacks for pdfTeX (HO)
)
Package pdfcol Info: New color stack `tcb@breakable' = 1 on input line 23.
\tcb@testbox=\box75
\tcb@totalupperbox=\box76
\tcb@totallowerbox=\box77
) (/usr/share/texlive/texmf-dist/tex/latex/tools/array.sty

LaTeX Warning: You have requested release `2026/06/01' of LaTeX,
               but only release `2025-11-01' is available.

Package: array 2026/01/25 v2.7a Tabular extension package (FMi)
\col@sep=\dimen273
\ar@mcellbox=\box78
\extrarowheight=\dimen274
\NC@list=\toks38
\extratabsurround=\skip52
\backup@length=\skip53
\ar@cellbox=\box79
)
Package hyperref Info: Option `breaklinks' set `true' on input line 15.
 (/usr/share/texlive/texmf-dist/tex/latex/fancyhdr/fancyhdr.sty
Package: fancyhdr 2025/02/07 v5.2 Extensive control of page headers and footers
\f@nch@headwidth=\skip54
\f@nch@offset@elh=\skip55
\f@nch@offset@erh=\skip56
\f@nch@offset@olh=\skip57
\f@nch@offset@orh=\skip58
\f@nch@offset@elf=\skip59
\f@nch@offset@erf=\skip60
\f@nch@offset@olf=\skip61
\f@nch@offset@orf=\skip62
\f@nch@height=\skip63
\f@nch@footalignment=\skip64
\f@nch@widthL=\skip65
\f@nch@widthC=\skip66
\f@nch@widthR=\skip67
\@temptokenb=\toks39
) (/usr/share/texlive/texmf-dist/tex/latex/titlesec/titlesec.sty
Package: titlesec 2025/01/04 v2.17 Sectioning titles
\ttl@box=\box80
\beforetitleunit=\skip68
\aftertitleunit=\skip69
\ttl@plus=\dimen275
\ttl@minus=\dimen276
\ttl@toksa=\toks40
\titlewidth=\dimen277
\titlewidthlast=\dimen278
\titlewidthfirst=\dimen279
) (/usr/share/texlive/texmf-dist/tex/latex/enumitem/enumitem.sty
Package: enumitem 2025/02/06 v3.11 Customized lists
\labelindent=\skip70
\enit@outerparindent=\dimen280
\enit@toks=\toks41
\enit@inbox=\box81
\enit@count@id=\count326
\enitdp@description=\count327
) (/usr/share/texlive/texmf-dist/tex/latex/listings/listings.sty
\lst@mode=\count328
\lst@gtempboxa=\box82
\lst@token=\toks42
\lst@length=\count329
\lst@currlwidth=\dimen281
\lst@column=\count330
\lst@pos=\count331
\lst@lostspace=\dimen282
\lst@width=\dimen283
\lst@newlines=\count332
\lst@lineno=\count333
\lst@maxwidth=\dimen284
 (/usr/share/texlive/texmf-dist/tex/latex/listings/lstpatch.sty
File: lstpatch.sty 2025/11/14 1.11b (Carsten Heinz)
) (/usr/share/texlive/texmf-dist/tex/latex/listings/lstmisc.sty
File: lstmisc.sty 2025/11/14 1.11b (Carsten Heinz)
\c@lstnumber=\count334
\lst@skipnumbers=\count335
\lst@framebox=\box83
) (/usr/share/texlive/texmf-dist/tex/latex/listings/listings.cfg
File: listings.cfg 2025/11/14 1.11b listings configuration
))
Package: listings 2025/11/14 1.11b (Carsten Heinz)

==> First Aid for listings.sty no longer applied!
    Expected:
        2024/09/23 1.10c (Carsten Heinz)
    but found:
        2025/11/14 1.11b (Carsten Heinz)
    so I'm assuming it got fixed.
(/usr/share/texlive/texmf-dist/tex/latex/caption/caption.sty
Package: caption 2023/08/05 v3.6o Customizing captions (AR)
 (/usr/share/texlive/texmf-dist/tex/latex/caption/caption3.sty
Package: caption3 2023/07/31 v2.4d caption3 kernel (AR)
\caption@tempdima=\dimen285
\captionmargin=\dimen286
\caption@leftmargin=\dimen287
\caption@rightmargin=\dimen288
\caption@width=\dimen289
\caption@indent=\dimen290
\caption@parindent=\dimen291
\caption@hangindent=\dimen292
Package caption Info: Standard document class detected.
)
\c@caption@flags=\count336
\c@continuedfloat=\count337
Package caption Info: float package is loaded.
Package caption Info: hyperref package is loaded.
Package caption Info: listings package is loaded.
) (/usr/share/texlive/texmf-dist/tex/latex/amsfonts/amssymb.sty
Package: amssymb 2013/01/14 v3.01 AMS font symbols
 (/usr/share/texlive/texmf-dist/tex/latex/amsfonts/amsfonts.sty
Package: amsfonts 2013/01/14 v3.01 Basic AMSFonts support
\@emptytoks=\toks43
\symAMSa=\mathgroup4
\symAMSb=\mathgroup5
LaTeX Font Info:    Redeclaring math symbol \hbar on input line 98.
LaTeX Font Info:    Overwriting math alphabet `\mathfrak' in version `bold'
(Font)                  U/euf/m/n --> U/euf/b/n on input line 106.
)) (/usr/share/texlive/texmf-dist/tex/latex/amsmath/amsmath.sty
Package: amsmath 2025/07/09 v2.17z AMS math features
\@mathmargin=\skip71

For additional information on amsmath, use the `?' option.
(/usr/share/texlive/texmf-dist/tex/latex/amsmath/amstext.sty
Package: amstext 2024/11/17 v2.01 AMS text
 (/usr/share/texlive/texmf-dist/tex/latex/amsmath/amsgen.sty
File: amsgen.sty 1999/11/30 v2.0 generic functions
\@emptytoks=\toks44
\ex@=\dimen293
)) (/usr/share/texlive/texmf-dist/tex/latex/amsmath/amsbsy.sty
Package: amsbsy 1999/11/29 v1.2d Bold Symbols
\pmbraise@=\dimen294
) (/usr/share/texlive/texmf-dist/tex/latex/amsmath/amsopn.sty
Package: amsopn 2022/04/08 v2.04 operator names
)
\inf@bad=\count338
LaTeX Info: Redefining \frac on input line 233.
\uproot@=\count339
\leftroot@=\count340
LaTeX Info: Redefining \overline on input line 398.
LaTeX Info: Redefining \colon on input line 409.
\classnum@=\count341
\DOTSCASE@=\count342
LaTeX Info: Redefining \ldots on input line 495.
LaTeX Info: Redefining \dots on input line 498.
LaTeX Info: Redefining \cdots on input line 619.
\Mathstrutbox@=\box84
\strutbox@=\box85
LaTeX Info: Redefining \big on input line 721.
LaTeX Info: Redefining \Big on input line 722.
LaTeX Info: Redefining \bigg on input line 723.
LaTeX Info: Redefining \Bigg on input line 724.
\big@size=\dimen295
LaTeX Font Info:    Redeclaring font encoding OML on input line 742.
LaTeX Font Info:    Redeclaring font encoding OMS on input line 743.
\macc@depth=\count343
LaTeX Info: Redefining \bmod on input line 904.
LaTeX Info: Redefining \pmod on input line 909.
LaTeX Info: Redefining \smash on input line 939.
LaTeX Info: Redefining \relbar on input line 969.
LaTeX Info: Redefining \Relbar on input line 970.
\c@MaxMatrixCols=\count344
\dotsspace@=\muskip18
\c@parentequation=\count345
\dspbrk@lvl=\count346
\tag@help=\toks45
\row@=\count347
\column@=\count348
\maxfields@=\count349
\andhelp@=\toks46
\eqnshift@=\dimen296
\alignsep@=\dimen297
\tagshift@=\dimen298
\tagwidth@=\dimen299
\totwidth@=\dimen300
\lineht@=\dimen301
\@envbody=\toks47
\multlinegap=\skip72
\multlinetaggap=\skip73
\mathdisplay@stack=\toks48
LaTeX Info: Redefining \[ on input line 2950.
LaTeX Info: Redefining \] on input line 2951.
) (/usr/share/texlive/texmf-dist/tex/latex/algorithms/algorithm.sty
Package: algorithm 2009/08/24 v0.1 Document Style `algorithm' - floating environment
 (/usr/share/texlive/texmf-dist/tex/latex/base/ifthen.sty
Package: ifthen 2024/03/16 v1.1e Standard LaTeX ifthen package (DPC)
)
\@float@every@algorithm=\toks49
\c@algorithm=\count350
) (/usr/share/texlive/texmf-dist/tex/latex/algorithmicx/algpseudocode.sty
Package: algpseudocode 
 (/usr/share/texlive/texmf-dist/tex/latex/algorithmicx/algorithmicx.sty
Package: algorithmicx 2005/04/27 v1.2 Algorithmicx

Document Style algorithmicx 1.2 - a greatly improved `algorithmic' style
\c@ALG@line=\count351
\c@ALG@rem=\count352
\c@ALG@nested=\count353
\ALG@tlm=\skip74
\ALG@thistlm=\skip75
\c@ALG@Lnr=\count354
\c@ALG@blocknr=\count355
\c@ALG@storecount=\count356
\c@ALG@tmpcounter=\count357
\ALG@tmplength=\skip76
)
Document Style - pseudocode environments for use with the `algorithmicx' style
) (/usr/share/texlive/texmf-dist/tex/latex/setspace/setspace.sty
Package: setspace 2022/12/04 v6.7b set line spacing
)
LaTeX Font Info:    Trying to load font information for OT1+lmr on input line 136.
 (/usr/share/texlive/texmf-dist/tex/latex/lm/ot1lmr.fd
File: ot1lmr.fd 2015/05/01 v1.6.1 Font defs for Latin Modern
) (/usr/share/texlive/texmf-dist/tex/latex/l3backend/l3backend-pdftex.def
File: l3backend-pdftex.def 2026-02-18 L3 backend support: PDF output (pdfTeX)
\l__color_backend_stack_int=\count358
) (./Proyecto_final.aux)
\openout1 = `Proyecto_final.aux'.

LaTeX Font Info:    Checking defaults for OML/cmm/m/it on input line 136.
LaTeX Font Info:    ... okay on input line 136.
LaTeX Font Info:    Checking defaults for OMS/cmsy/m/n on input line 136.
LaTeX Font Info:    ... okay on input line 136.
LaTeX Font Info:    Checking defaults for OT1/cmr/m/n on input line 136.
LaTeX Font Info:    ... okay on input line 136.
LaTeX Font Info:    Checking defaults for T1/cmr/m/n on input line 136.
LaTeX Font Info:    ... okay on input line 136.
LaTeX Font Info:    Checking defaults for TS1/cmr/m/n on input line 136.
LaTeX Font Info:    ... okay on input line 136.
LaTeX Font Info:    Checking defaults for OMX/cmex/m/n on input line 136.
LaTeX Font Info:    ... okay on input line 136.
LaTeX Font Info:    Checking defaults for U/cmr/m/n on input line 136.
LaTeX Font Info:    ... okay on input line 136.
LaTeX Font Info:    Checking defaults for PD1/pdf/m/n on input line 136.
LaTeX Font Info:    ... okay on input line 136.
LaTeX Font Info:    Checking defaults for PU/pdf/m/n on input line 136.
LaTeX Font Info:    ... okay on input line 136.
Package hyperref Info: Link coloring OFF on input line 136.

*geometry* driver: auto-detecting
*geometry* detected driver: pdftex
*geometry* verbose mode - [ preamble ] result:
* driver: pdftex
* paper: <default>
* layout: <same size as paper>
* layoutoffset:(h,v)=(0.0pt,0.0pt)
* modes: 
* h-part:(L,W,R)=(42.67912pt, 528.93675pt, 42.67912pt)
* v-part:(T,H,B)=(56.9055pt, 652.70622pt, 85.35826pt)
* \paperwidth=614.295pt
* \paperheight=794.96999pt
* \textwidth=528.93675pt
* \textheight=652.70622pt
* \oddsidemargin=-29.59087pt
* \evensidemargin=-29.59087pt
* \topmargin=-52.5436pt
* \headheight=50.95274pt
* \headsep=14.22636pt
* \topskip=12.0pt
* \footskip=30.0pt
* \marginparwidth=44.0pt
* \marginparsep=10.0pt
* \columnsep=10.0pt
* \skip\footins=10.8pt plus 4.0pt minus 2.0pt
* \hoffset=0.0pt
* \voffset=0.0pt
* \mag=1000
* \@twocolumnfalse
* \@twosidefalse
* \@mparswitchfalse
* \@reversemarginfalse
* (1in=72.27pt=25.4mm, 1cm=28.453pt)

(/usr/share/texlive/texmf-dist/tex/context/base/mkii/supp-pdf.mkii
[Loading MPS to PDF converter (version 2006.09.02).]
\scratchcounter=\count359
\scratchdimen=\dimen302
\scratchbox=\box86
\nofMPsegments=\count360
\nofMParguments=\count361
\everyMPshowfont=\toks50
\MPscratchCnt=\count362
\MPscratchDim=\dimen303
\MPnumerator=\count363
\makeMPintoPDFobject=\count364
\everyMPtoPDFconversion=\toks51
) (/usr/share/texlive/texmf-dist/tex/latex/epstopdf-pkg/epstopdf-base.sty
Package: epstopdf-base 2020-01-24 v2.11 Base part for package epstopdf
Package epstopdf-base Info: Redefining graphics rule for `.eps' on input line 485.
 (/usr/share/texlive/texmf-dist/tex/latex/latexconfig/epstopdf-sys.cfg
File: epstopdf-sys.cfg 2010/07/13 v1.3 Configuration of (r)epstopdf for TeX Live
))
\c@lstlisting=\count365
Package caption Info: Begin \AtBeginDocument code.
Package caption Info: End \AtBeginDocument code.
LaTeX Font Info:    Trying to load font information for OML+lmm on input line 143.
 (/usr/share/texlive/texmf-dist/tex/latex/lm/omllmm.fd
File: omllmm.fd 2015/05/01 v1.6.1 Font defs for Latin Modern
)
LaTeX Font Info:    Trying to load font information for OMS+lmsy on input line 143.
 (/usr/share/texlive/texmf-dist/tex/latex/lm/omslmsy.fd
File: omslmsy.fd 2015/05/01 v1.6.1 Font defs for Latin Modern
)
LaTeX Font Info:    Trying to load font information for OMX+lmex on input line 143.
 (/usr/share/texlive/texmf-dist/tex/latex/lm/omxlmex.fd
File: omxlmex.fd 2015/05/01 v1.6.1 Font defs for Latin Modern
)
LaTeX Font Info:    External font `lmex10' loaded for size
(Font)              <12> on input line 143.
LaTeX Font Info:    External font `lmex10' loaded for size
(Font)              <8> on input line 143.
LaTeX Font Info:    External font `lmex10' loaded for size
(Font)              <6> on input line 143.
LaTeX Font Info:    Trying to load font information for U+msa on input line 143.
 (/usr/share/texlive/texmf-dist/tex/latex/amsfonts/umsa.fd
File: umsa.fd 2013/01/14 v3.01 AMS symbols A
)
LaTeX Font Info:    Trying to load font information for U+msb on input line 143.
 (/usr/share/texlive/texmf-dist/tex/latex/amsfonts/umsb.fd
File: umsb.fd 2013/01/14 v3.01 AMS symbols B
)
<logo_unam.png, id=7, 1027.84pt x 1155.31625pt>
File: logo_unam.png Graphic file (type png)
<use logo_unam.png>
Package pdftex.def Info: logo_unam.png  used on input line 144.
(pdftex.def)             Requested size: 85.35826pt x 95.93529pt.
LaTeX Font Info:    Trying to load font information for OT1+lmtt on input line 148.
 (/usr/share/texlive/texmf-dist/tex/latex/lm/ot1lmtt.fd
File: ot1lmtt.fd 2015/05/01 v1.6.1 Font defs for Latin Modern
)
<logo_fi.png, id=9, 518.93875pt x 615.29875pt>
File: logo_fi.png Graphic file (type png)
<use logo_fi.png>
Package pdftex.def Info: logo_fi.png  used on input line 150.
(pdftex.def)             Requested size: 81.09052pt x 96.14018pt.
 [1

{/var/lib/texmf/fonts/map/pdftex/updmap/pdftex.map}{/usr/share/texlive/texmf-dist/fonts/enc/dvips/lm/lm-rm.enc}{/usr/share/texlive/texmf-dist/fonts/enc/dvips/lm/lm-rmtt.enc} <./logo_unam.png> <./logo_fi.png>]
LaTeX Font Info:    Trying to load font information for TS1+lmr on input line 236.
 (/usr/share/texlive/texmf-dist/tex/latex/lm/ts1lmr.fd
File: ts1lmr.fd 2015/05/01 v1.6.1 Font defs for Latin Modern
)
LaTeX Font Info:    Font shape `OT1/lmtt/bx/n' in size <12> not available
(Font)              Font shape `OT1/lmtt/b/n' tried instead on input line 240.
File: logo_fi.png Graphic file (type png)
<use logo_fi.png>
Package pdftex.def Info: logo_fi.png  used on input line 247.
(pdftex.def)             Requested size: 29.99474pt x 35.56593pt.
 [2{/usr/share/texlive/texmf-dist/fonts/enc/dvips/lm/lm-ts1.enc}] (./codigo1.tex
LaTeX Font Info:    Font shape `OT1/lmtt/bx/n' in size <14.4> not available
(Font)              Font shape `OT1/lmtt/b/n' tried instead on input line 1.
 (/usr/share/texlive/texmf-dist/tex/latex/listings/lstlang1.sty
File: lstlang1.sty 2025/11/14 1.11b listings language file
) (/usr/share/texlive/texmf-dist/tex/latex/listings/lstmisc.sty
File: lstmisc.sty 2025/11/14 1.11b (Carsten Heinz)
)
Package hyperref Info: bookmark level for unknown lstlisting defaults to 0 on input line 10.
LaTeX Font Info:    Font shape `OT1/lmtt/bx/n' in size <10.95> not available
(Font)              Font shape `OT1/lmtt/b/n' tried instead on input line 11.
File: logo_fi.png Graphic file (type png)
<use logo_fi.png>
Package pdftex.def Info: logo_fi.png  used on input line 26.
(pdftex.def)             Requested size: 29.99474pt x 35.56593pt.
 [3]) (./pseudocodigo1.tex
File: logo_fi.png Graphic file (type png)
<use logo_fi.png>
Package pdftex.def Info: logo_fi.png  used on input line 15.
(pdftex.def)             Requested size: 29.99474pt x 35.56593pt.
 [4]
File: logo_fi.png Graphic file (type png)
<use logo_fi.png>
Package pdftex.def Info: logo_fi.png  used on input line 54.
(pdftex.def)             Requested size: 29.99474pt x 35.56593pt.
 [5]) (./codigo2.tex
File: logo_fi.png Graphic file (type png)
<use logo_fi.png>
Package pdftex.def Info: logo_fi.png  used on input line 20.
(pdftex.def)             Requested size: 29.99474pt x 35.56593pt.
 [6]
File: logo_fi.png Graphic file (type png)
<use logo_fi.png>
Package pdftex.def Info: logo_fi.png  used on input line 62.
(pdftex.def)             Requested size: 29.99474pt x 35.56593pt.
 [7]
File: logo_fi.png Graphic file (type png)
<use logo_fi.png>
Package pdftex.def Info: logo_fi.png  used on input line 101.
(pdftex.def)             Requested size: 29.99474pt x 35.56593pt.
 [8]
File: logo_fi.png Graphic file (type png)
<use logo_fi.png>
Package pdftex.def Info: logo_fi.png  used on input line 135.
(pdftex.def)             Requested size: 29.99474pt x 35.56593pt.
 [9]
File: logo_fi.png Graphic file (type png)
<use logo_fi.png>
Package pdftex.def Info: logo_fi.png  used on input line 170.
(pdftex.def)             Requested size: 29.99474pt x 35.56593pt.
 [10]
File: logo_fi.png Graphic file (type png)
<use logo_fi.png>
Package pdftex.def Info: logo_fi.png  used on input line 206.
(pdftex.def)             Requested size: 29.99474pt x 35.56593pt.
 [11]
File: logo_fi.png Graphic file (type png)
<use logo_fi.png>
Package pdftex.def Info: logo_fi.png  used on input line 239.
(pdftex.def)             Requested size: 29.99474pt x 35.56593pt.
 [12]
File: logo_fi.png Graphic file (type png)
<use logo_fi.png>
Package pdftex.def Info: logo_fi.png  used on input line 278.
(pdftex.def)             Requested size: 29.99474pt x 35.56593pt.
 [13]
File: logo_fi.png Graphic file (type png)
<use logo_fi.png>
Package pdftex.def Info: logo_fi.png  used on input line 313.
(pdftex.def)             Requested size: 29.99474pt x 35.56593pt.
 [14]) (./pseudocodigo2.tex
File: logo_fi.png Graphic file (type png)
<use logo_fi.png>
Package pdftex.def Info: logo_fi.png  used on input line 30.
(pdftex.def)             Requested size: 29.99474pt x 35.56593pt.
 [15]
File: logo_fi.png Graphic file (type png)
<use logo_fi.png>
Package pdftex.def Info: logo_fi.png  used on input line 73.
(pdftex.def)             Requested size: 29.99474pt x 35.56593pt.
 [16]
File: logo_fi.png Graphic file (type png)
<use logo_fi.png>
Package pdftex.def Info: logo_fi.png  used on input line 115.
(pdftex.def)             Requested size: 29.99474pt x 35.56593pt.
 [17]
File: logo_fi.png Graphic file (type png)
<use logo_fi.png>
Package pdftex.def Info: logo_fi.png  used on input line 158.
(pdftex.def)             Requested size: 29.99474pt x 35.56593pt.
 [18]) (./diagrama2.tex
File: logo_fi.png Graphic file (type png)
<use logo_fi.png>
Package pdftex.def Info: logo_fi.png  used on input line 3.
(pdftex.def)             Requested size: 29.99474pt x 35.56593pt.
 [19]
<Diagramas2/conexion.png, id=707, 638.385pt x 1786.675pt>
File: Diagramas2/conexion.png Graphic file (type png)
<use Diagramas2/conexion.png>
Package pdftex.def Info: Diagramas2/conexion.png  used on input line 7.
(pdftex.def)             Requested size: 132.23418pt x 370.0875pt.

Underfull \hbox (badness 10000) in paragraph at lines 4--8

 []

File: logo_fi.png Graphic file (type png)
<use logo_fi.png>
Package pdftex.def Info: logo_fi.png  used on input line 11.
(pdftex.def)             Requested size: 29.99474pt x 35.56593pt.
[20 <./Diagramas2/conexion.png>]
<Diagramas2/hilo_lector_p2p.png, id=714, 2051.665pt x 6220.23875pt>
File: Diagramas2/hilo_lector_p2p.png Graphic file (type png)
<use Diagramas2/hilo_lector_p2p.png>
Package pdftex.def Info: Diagramas2/hilo_lector_p2p.png  used on input line 15.
(pdftex.def)             Requested size: 185.13109pt x 561.22104pt.

Underfull \hbox (badness 10000) in paragraph at lines 12--16

 []

File: logo_fi.png Graphic file (type png)
<use logo_fi.png>
Package pdftex.def Info: logo_fi.png  used on input line 19.
(pdftex.def)             Requested size: 29.99474pt x 35.56593pt.
[21 <./Diagramas2/hilo_lector_p2p.png>]
<Diagramas2/hilo_escritor_p2p.png, id=721, 1166.3575pt x 2037.6125pt>
File: Diagramas2/hilo_escritor_p2p.png Graphic file (type png)
<use Diagramas2/hilo_escritor_p2p.png>
Package pdftex.def Info: Diagramas2/hilo_escritor_p2p.png  used on input line 23.
(pdftex.def)             Requested size: 211.57147pt x 369.61484pt.

Underfull \hbox (badness 10000) in paragraph at lines 20--24

 []

File: logo_fi.png Graphic file (type png)
<use logo_fi.png>
Package pdftex.def Info: logo_fi.png  used on input line 27.
(pdftex.def)             Requested size: 29.99474pt x 35.56593pt.
[22 <./Diagramas2/hilo_escritor_p2p.png>]
<Diagramas2/hilo_lector_pipe.png, id=728, 1361.085pt x 3056.41875pt>
File: Diagramas2/hilo_lector_pipe.png Graphic file (type png)
<use Diagramas2/hilo_lector_pipe.png>
Package pdftex.def Info: Diagramas2/hilo_lector_pipe.png  used on input line 31.
(pdftex.def)             Requested size: 211.57147pt x 475.0925pt.

Underfull \hbox (badness 10000) in paragraph at lines 28--32

 []

File: logo_fi.png Graphic file (type png)
<use logo_fi.png>
Package pdftex.def Info: logo_fi.png  used on input line 35.
(pdftex.def)             Requested size: 29.99474pt x 35.56593pt.
[23 <./Diagramas2/hilo_lector_pipe.png>]
<Diagramas2/hilo_escritor_pipe.png, id=735, 1154.3125pt x 1991.44pt>
File: Diagramas2/hilo_escritor_pipe.png Graphic file (type png)
<use Diagramas2/hilo_escritor_pipe.png>
Package pdftex.def Info: Diagramas2/hilo_escritor_pipe.png  used on input line 39.
(pdftex.def)             Requested size: 211.57147pt x 365.00731pt.

Underfull \hbox (badness 10000) in paragraph at lines 36--40

 []

File: logo_fi.png Graphic file (type png)
<use logo_fi.png>
Package pdftex.def Info: logo_fi.png  used on input line 43.
(pdftex.def)             Requested size: 29.99474pt x 35.56593pt.
[24 <./Diagramas2/hilo_escritor_pipe.png>]
<Diagramas2/enviar_msj.png, id=742, 1450.41875pt x 3587.4025pt>
File: Diagramas2/enviar_msj.png Graphic file (type png)
<use Diagramas2/enviar_msj.png>
Package pdftex.def Info: Diagramas2/enviar_msj.png  used on input line 47.
(pdftex.def)             Requested size: 211.57147pt x 523.25282pt.

Underfull \hbox (badness 10000) in paragraph at lines 44--48

 []

File: logo_fi.png Graphic file (type png)
<use logo_fi.png>
Package pdftex.def Info: logo_fi.png  used on input line 51.
(pdftex.def)             Requested size: 29.99474pt x 35.56593pt.
[25 <./Diagramas2/enviar_msj.png>]
<Diagramas2/get_time_ms.png, id=750, 733.74126pt x 851.18pt>
File: Diagramas2/get_time_ms.png Graphic file (type png)
<use Diagramas2/get_time_ms.png>
Package pdftex.def Info: Diagramas2/get_time_ms.png  used on input line 55.
(pdftex.def)             Requested size: 132.23418pt x 153.38762pt.

Underfull \hbox (badness 10000) in paragraph at lines 52--56

 []

<Diagramas2/formatear_tiempo_str.png, id=751, 805.0075pt x 1300.86pt>
File: Diagramas2/formatear_tiempo_str.png Graphic file (type png)
<use Diagramas2/formatear_tiempo_str.png>
Package pdftex.def Info: Diagramas2/formatear_tiempo_str.png  used on input line 61.
(pdftex.def)             Requested size: 132.23418pt x 213.67986pt.

Underfull \hbox (badness 10000) in paragraph at lines 58--62

 []

) (./codigo3.tex
File: logo_fi.png Graphic file (type png)
<use logo_fi.png>
Package pdftex.def Info: logo_fi.png  used on input line 9.
(pdftex.def)             Requested size: 29.99474pt x 35.56593pt.
 [26 <./Diagramas2/get_time_ms.png> <./Diagramas2/formatear_tiempo_str.png>]
File: logo_fi.png Graphic file (type png)
<use logo_fi.png>
Package pdftex.def Info: logo_fi.png  used on input line 34.
(pdftex.def)             Requested size: 29.99474pt x 35.56593pt.
 [27]
File: logo_fi.png Graphic file (type png)
<use logo_fi.png>
Package pdftex.def Info: logo_fi.png  used on input line 66.
(pdftex.def)             Requested size: 29.99474pt x 35.56593pt.
 [28]
File: logo_fi.png Graphic file (type png)
<use logo_fi.png>
Package pdftex.def Info: logo_fi.png  used on input line 100.
(pdftex.def)             Requested size: 29.99474pt x 35.56593pt.
 [29]
File: logo_fi.png Graphic file (type png)
<use logo_fi.png>
Package pdftex.def Info: logo_fi.png  used on input line 138.
(pdftex.def)             Requested size: 29.99474pt x 35.56593pt.
 [30]
File: logo_fi.png Graphic file (type png)
<use logo_fi.png>
Package pdftex.def Info: logo_fi.png  used on input line 173.
(pdftex.def)             Requested size: 29.99474pt x 35.56593pt.
 [31]
File: logo_fi.png Graphic file (type png)
<use logo_fi.png>
Package pdftex.def Info: logo_fi.png  used on input line 209.
(pdftex.def)             Requested size: 29.99474pt x 35.56593pt.
 [32]
File: logo_fi.png Graphic file (type png)
<use logo_fi.png>
Package pdftex.def Info: logo_fi.png  used on input line 242.
(pdftex.def)             Requested size: 29.99474pt x 35.56593pt.
 [33]
File: logo_fi.png Graphic file (type png)
<use logo_fi.png>
Package pdftex.def Info: logo_fi.png  used on input line 281.
(pdftex.def)             Requested size: 29.99474pt x 35.56593pt.
 [34]
File: logo_fi.png Graphic file (type png)
<use logo_fi.png>
Package pdftex.def Info: logo_fi.png  used on input line 315.
(pdftex.def)             Requested size: 29.99474pt x 35.56593pt.
 [35]
File: logo_fi.png Graphic file (type png)
<use logo_fi.png>
Package pdftex.def Info: logo_fi.png  used on input line 352.
(pdftex.def)             Requested size: 29.99474pt x 35.56593pt.
 [36]
File: logo_fi.png Graphic file (type png)
<use logo_fi.png>
Package pdftex.def Info: logo_fi.png  used on input line 391.
(pdftex.def)             Requested size: 29.99474pt x 35.56593pt.
 [37]
File: logo_fi.png Graphic file (type png)
<use logo_fi.png>
Package pdftex.def Info: logo_fi.png  used on input line 427.
(pdftex.def)             Requested size: 29.99474pt x 35.56593pt.
 [38]) (./pseudocodigo3.tex
File: logo_fi.png Graphic file (type png)
<use logo_fi.png>
Package pdftex.def Info: logo_fi.png  used on input line 24.
(pdftex.def)             Requested size: 29.99474pt x 35.56593pt.
 [39]
File: logo_fi.png Graphic file (type png)
<use logo_fi.png>
Package pdftex.def Info: logo_fi.png  used on input line 66.
(pdftex.def)             Requested size: 29.99474pt x 35.56593pt.
 [40]
File: logo_fi.png Graphic file (type png)
<use logo_fi.png>
Package pdftex.def Info: logo_fi.png  used on input line 106.
(pdftex.def)             Requested size: 29.99474pt x 35.56593pt.
 [41]
File: logo_fi.png Graphic file (type png)
<use logo_fi.png>
Package pdftex.def Info: logo_fi.png  used on input line 147.
(pdftex.def)             Requested size: 29.99474pt x 35.56593pt.
 [42]
File: logo_fi.png Graphic file (type png)
<use logo_fi.png>
Package pdftex.def Info: logo_fi.png  used on input line 190.
(pdftex.def)             Requested size: 29.99474pt x 35.56593pt.
 [43]
File: logo_fi.png Graphic file (type png)
<use logo_fi.png>
Package pdftex.def Info: logo_fi.png  used on input line 233.
(pdftex.def)             Requested size: 29.99474pt x 35.56593pt.
 [44]
File: logo_fi.png Graphic file (type png)
<use logo_fi.png>
Package pdftex.def Info: logo_fi.png  used on input line 275.
(pdftex.def)             Requested size: 29.99474pt x 35.56593pt.
 [45]) (./diagrama3.tex
File: logo_fi.png Graphic file (type png)
<use logo_fi.png>
Package pdftex.def Info: logo_fi.png  used on input line 4.
(pdftex.def)             Requested size: 29.99474pt x 35.56593pt.
 [46]
<Diagramas3/interfaz_grafica.png, id=1554, 890.32625pt x 6315.595pt>
File: Diagramas3/interfaz_grafica.png Graphic file (type png)
<use Diagramas3/interfaz_grafica.png>
Package pdftex.def Info: Diagramas3/interfaz_grafica.png  used on input line 8.
(pdftex.def)             Requested size: 79.33728pt x 562.69331pt.

Underfull \hbox (badness 10000) in paragraph at lines 5--9

 []

File: logo_fi.png Graphic file (type png)
<use logo_fi.png>
Package pdftex.def Info: logo_fi.png  used on input line 12.
(pdftex.def)             Requested size: 29.99474pt x 35.56593pt.
[47 <./Diagramas3/interfaz_grafica.png>]
<Diagramas3/hilo_lector_gui.png, id=1561, 1782.66pt x 3609.485pt>
File: Diagramas3/hilo_lector_gui.png Graphic file (type png)
<use Diagramas3/hilo_lector_gui.png>
Package pdftex.def Info: Diagramas3/hilo_lector_gui.png  used on input line 16.
(pdftex.def)             Requested size: 264.46837pt x 535.45117pt.

Underfull \hbox (badness 10000) in paragraph at lines 13--17

 []

File: logo_fi.png Graphic file (type png)
<use logo_fi.png>
Package pdftex.def Info: logo_fi.png  used on input line 20.
(pdftex.def)             Requested size: 29.99474pt x 35.56593pt.
[48 <./Diagramas3/hilo_lector_gui.png>]
<Diagramas3/hilo_escritor_gui.png, id=1568, 1603.9925pt x 2381.89874pt>
File: Diagramas3/hilo_escritor_gui.png Graphic file (type png)
<use Diagramas3/hilo_escritor_gui.png>
Package pdftex.def Info: Diagramas3/hilo_escritor_gui.png  used on input line 24.
(pdftex.def)             Requested size: 264.46837pt x 392.70558pt.

Underfull \hbox (badness 10000) in paragraph at lines 21--25

 []

File: logo_fi.png Graphic file (type png)
<use logo_fi.png>
Package pdftex.def Info: logo_fi.png  used on input line 28.
(pdftex.def)             Requested size: 29.99474pt x 35.56593pt.
[49 <./Diagramas3/hilo_escritor_gui.png>]
<Diagramas3/añadir_burbuja.png, id=1576, 2102.85625pt x 3392.675pt>
File: Diagramas3/añadir_burbuja.png Graphic file (type png)
<use Diagramas3/añadir_burbuja.png>
Package pdftex.def Info: Diagramas3/añadir_burbuja.png  used on input line 32.
(pdftex.def)             Requested size: 317.36526pt x 511.98538pt.

Underfull \hbox (badness 10000) in paragraph at lines 29--33

 []

File: logo_fi.png Graphic file (type png)
<use logo_fi.png>
Package pdftex.def Info: logo_fi.png  used on input line 36.
(pdftex.def)             Requested size: 29.99474pt x 35.56593pt.
[50 <./Diagramas3/añadir_burbuja.png>]
<Diagramas3/boton_pulsado.png, id=1583, 1087.06125pt x 2784.4025pt>
File: Diagramas3/boton_pulsado.png Graphic file (type png)
<use Diagramas3/boton_pulsado.png>
Package pdftex.def Info: Diagramas3/boton_pulsado.png  used on input line 40.
(pdftex.def)             Requested size: 211.57147pt x 541.91539pt.

Underfull \hbox (badness 10000) in paragraph at lines 37--41

 []

File: logo_fi.png Graphic file (type png)
<use logo_fi.png>
Package pdftex.def Info: logo_fi.png  used on input line 44.
(pdftex.def)             Requested size: 29.99474pt x 35.56593pt.
[51 <./Diagramas3/boton_pulsado.png>]
<Diagramas3/ventana_destruida.png, id=1590, 780.9175pt x 1527.7075pt>
File: Diagramas3/ventana_destruida.png Graphic file (type png)
<use Diagramas3/ventana_destruida.png>
Package pdftex.def Info: Diagramas3/ventana_destruida.png  used on input line 48.
(pdftex.def)             Requested size: 211.57147pt x 413.8852pt.

Underfull \hbox (badness 10000) in paragraph at lines 45--49

 []

File: logo_fi.png Graphic file (type png)
<use logo_fi.png>
Package pdftex.def Info: logo_fi.png  used on input line 52.
(pdftex.def)             Requested size: 29.99474pt x 35.56593pt.
[52 <./Diagramas3/ventana_destruida.png>]
<Diagramas3/guardar_en_historial.png, id=1597, 938.50626pt x 1854.93pt>
File: Diagramas3/guardar_en_historial.png Graphic file (type png)
<use Diagramas3/guardar_en_historial.png>
Package pdftex.def Info: Diagramas3/guardar_en_historial.png  used on input line 56.
(pdftex.def)             Requested size: 211.57147pt x 418.16206pt.

Underfull \hbox (badness 10000) in paragraph at lines 53--57

 []

File: logo_fi.png Graphic file (type png)
<use logo_fi.png>
Package pdftex.def Info: logo_fi.png  used on input line 60.
(pdftex.def)             Requested size: 29.99474pt x 35.56593pt.
[53 <./Diagramas3/guardar_en_historial.png>]
<Diagramas3/cargar_historial.png, id=1604, 2065.7175pt x 4255.9pt>
File: Diagramas3/cargar_historial.png Graphic file (type png)
<use Diagramas3/cargar_historial.png>
Package pdftex.def Info: Diagramas3/cargar_historial.png  used on input line 64.
(pdftex.def)             Requested size: 264.46837pt x 544.84427pt.

Underfull \hbox (badness 10000) in paragraph at lines 61--65

 []

File: logo_fi.png Graphic file (type png)
<use logo_fi.png>
Package pdftex.def Info: logo_fi.png  used on input line 68.
(pdftex.def)             Requested size: 29.99474pt x 35.56593pt.
[54 <./Diagramas3/cargar_historial.png>]
<Diagramas3/limpiar_historial_pulsado.png, id=1611, 986.68625pt x 1806.75pt>
File: Diagramas3/limpiar_historial_pulsado.png Graphic file (type png)
<use Diagramas3/limpiar_historial_pulsado.png>
Package pdftex.def Info: Diagramas3/limpiar_historial_pulsado.png  used on input line 72.
(pdftex.def)             Requested size: 211.57147pt x 387.39607pt.

Underfull \hbox (badness 10000) in paragraph at lines 69--73

 []

File: logo_fi.png Graphic file (type png)
<use logo_fi.png>
Package pdftex.def Info: logo_fi.png  used on input line 76.
(pdftex.def)             Requested size: 29.99474pt x 35.56593pt.
[55 <./Diagramas3/limpiar_historial_pulsado.png>]
<Diagramas3/scroll_al_final.png, id=1619, 908.39375pt x 995.72pt>
File: Diagramas3/scroll_al_final.png Graphic file (type png)
<use Diagramas3/scroll_al_final.png>
Package pdftex.def Info: Diagramas3/scroll_al_final.png  used on input line 80.
(pdftex.def)             Requested size: 211.57147pt x 231.89754pt.

Underfull \hbox (badness 10000) in paragraph at lines 77--81

 []

<Diagramas3/mostrar_mensaje_recibido.png, id=1620, 763.85374pt x 999.735pt>
File: Diagramas3/mostrar_mensaje_recibido.png Graphic file (type png)
<use Diagramas3/mostrar_mensaje_recibido.png>
Package pdftex.def Info: Diagramas3/mostrar_mensaje_recibido.png  used on input line 87.
(pdftex.def)             Requested size: 211.57147pt x 276.90346pt.

Underfull \hbox (badness 10000) in paragraph at lines 84--88

 []

File: logo_fi.png Graphic file (type png)
<use logo_fi.png>
Package pdftex.def Info: logo_fi.png  used on input line 91.
(pdftex.def)             Requested size: 29.99474pt x 35.56593pt.
[56 <./Diagramas3/scroll_al_final.png> <./Diagramas3/mostrar_mensaje_recibido.png>]
<Diagramas3/cargar_css.png, id=1629, 1026.83624pt x 786.94pt>
File: Diagramas3/cargar_css.png Graphic file (type png)
<use Diagramas3/cargar_css.png>
Package pdftex.def Info: Diagramas3/cargar_css.png  used on input line 95.
(pdftex.def)             Requested size: 211.57147pt x 162.14026pt.

Underfull \hbox (badness 10000) in paragraph at lines 92--96

 []

) (./codigo4.tex
File: logo_fi.png Graphic file (type png)
<use logo_fi.png>
Package pdftex.def Info: logo_fi.png  used on input line 30.
(pdftex.def)             Requested size: 29.99474pt x 35.56593pt.
 [57 <./Diagramas3/cargar_css.png>]) (./pseudocodigo4.tex
File: logo_fi.png Graphic file (type png)
<use logo_fi.png>
Package pdftex.def Info: logo_fi.png  used on input line 4.
(pdftex.def)             Requested size: 29.99474pt x 35.56593pt.
 [58]
File: logo_fi.png Graphic file (type png)
<use logo_fi.png>
Package pdftex.def Info: logo_fi.png  used on input line 47.
(pdftex.def)             Requested size: 29.99474pt x 35.56593pt.
 [59]) (./diagrama4.tex
File: logo_fi.png Graphic file (type png)
<use logo_fi.png>
Package pdftex.def Info: logo_fi.png  used on input line 3.
(pdftex.def)             Requested size: 29.99474pt x 35.56593pt.
 [60]
<Diagramas4/main.png, id=1782, 1549.79pt x 3618.51875pt>
File: Diagramas4/main.png Graphic file (type png)
<use Diagramas4/main.png>
Package pdftex.def Info: Diagramas4/main.png  used on input line 7.
(pdftex.def)             Requested size: 238.01991pt x 555.7297pt.

Underfull \hbox (badness 10000) in paragraph at lines 4--8

 []

)
File: logo_fi.png Graphic file (type png)
<use logo_fi.png>
Package pdftex.def Info: logo_fi.png  used on input line 264.
(pdftex.def)             Requested size: 29.99474pt x 35.56593pt.
 [61 <./Diagramas4/main.png>]
File: logo_fi.png Graphic file (type png)
<use logo_fi.png>
Package pdftex.def Info: logo_fi.png  used on input line 281.
(pdftex.def)             Requested size: 29.99474pt x 35.56593pt.
 [62]
File: logo_fi.png Graphic file (type png)
<use logo_fi.png>
Package pdftex.def Info: logo_fi.png  used on input line 307.
(pdftex.def)             Requested size: 29.99474pt x 35.56593pt.
 [63] (./Proyecto_final.aux)
 ***********
LaTeX2e <2025-11-01>
L3 programming layer <2026-03-20>
 ***********
 ) 
Here is how much of TeX's memory you used:
 32979 strings out of 467363
 606681 string characters out of 5419001
 1649964 words of memory out of 6000000
 60064 multiletter control sequences out of 15000+600000
 666650 words of font info for 70 fonts, out of 8000000 for 9000
 1141 hyphenation exceptions out of 8191
 98i,16n,108p,907b,2268s stack positions out of 10000i,1000n,20000p,200000b,200000s
</usr/share/texlive/texmf-dist/fonts/type1/public/lm/lmbx12.pfb></usr/share/texlive/texmf-dist/fonts/type1/public/lm/lmbxi10.pfb></usr/share/texlive/texmf-dist/fonts/type1/public/lm/lmr10.pfb></usr/share/texlive/texmf-dist/fonts/type1/public/lm/lmr12.pfb></usr/share/texlive/texmf-dist/fonts/type1/public/lm/lmr6.pfb></usr/share/texlive/texmf-dist/fonts/type1/public/lm/lmri10.pfb></usr/share/texlive/texmf-dist/fonts/type1/public/lm/lmri12.pfb></usr/share/texlive/texmf-dist/fonts/type1/public/lm/lmtk10.pfb></usr/share/texlive/texmf-dist/fonts/type1/public/lm/lmtt10.pfb></usr/share/texlive/texmf-dist/fonts/type1/public/lm/lmtt12.pfb>
Output written on Proyecto_final.pdf (63 pages, 3350343 bytes).
PDF statistics:
 2228 PDF objects out of 2487 (max. 8388607)
 2075 compressed objects within 21 object streams
 1521 named destinations out of 1728 (max. 500000)
 280 words of extra memory for PDF output out of 10000 (max. 10000000)

